Testing Resend... re_ZLokHw5...
RESEND SUCCESS: { id: '8b46c1f9-6325-4056-b351-2c6a57194172' }
